Γ£à Connected to MongoDB

≡ƒôè Found 3 approved artisans

≡ƒöö Artisans with pending changes: 1

---
Name: Rajesh
Email: shiva3sundar@gmail.com
Changed Fields: profilePic, email, mobileNumber, shippingDetails.pickupAddress, shippingDetails.dispatchTime, shippingDetails.packagingType
Changed At: Tue Nov 11 2025 12:53:56 GMT+0530 (India Standard Time)
Changes: {
  profilePic: 'data:image/jpeg;base64,/9j/4AAQSkZJRgABAQAAAQABAAD/2wBDAAYEBQYFBAYGBQYHBwYIChAKCgkJChQODwwQFxQYGBcUFhYaHSUfGhsjHBYWICwgIyYnKSopGR8tMC0oMCUoKSj/2wBDAQcHBwoIChMKChMoGhYaKCgoKCgoKCgoKCgoKCgoKCgoKCgoKCgoKCgoKCgoKCgoKCgoKCgoKCgoKCgoKCgoKCj/wgARCAZABLADASIAAhEBAxEB/8QAGwAAAgMBAQEAAAAAAAAAAAAAAAECAwQFBgf/xAAZAQEBAQEBAQAAAAAAAAAAAAAAAQIDBAX/2gAMAwEAAhADEAAAAqelzOnx7V83o8yWzdg3Q+f0ubYoyisYWozq6u5ssy2LekRCu2uoWVWWPPpoDs8jqy18nr8+Wu6g1nfPjEvbfIvl6E8dmNbLcJL1buJLN7NfPtxXk3W28Kv0cNZ4R1c+s4oX0bzni1vmWVs9Ld5zu+T1U8/u05vHLavTx6mrk9bz9sWyM+WoZdWfFw1W1e3hjaO3FzhYtsk86couWThIzYd2Hpjb0+X1OewDntgyELYXKruVmTSuhZzLJRO7dTbJmxasq07rZNVDXDsAQ01AwkaGKTaDk7mLm2Yyc7muU2kW3coZqDjh3ejX5zl716Pj4ItyiGqk4VJVR1mcEtRisFK946Y0zfKfW5fZ4drMXQx8OvHan7fP2+nzOnOdXF7fAlt6XH6KdDldXhGiOZrpKpRKEgphorsjZSq0xrlEFKqy6kiX9TldXOoZtOWU0ZtBRVZVZnr1T1MR0YmO6VRpu5cI7UuNdNdQxW51rsyyzd1/Leb1accpqOXo3J5+n09Ws8DXto1OjfyN3n63c/orneL2aZdJcNcdLNphLy6rqfbwxNHfjKyq2W9hjYxicZRnw7sHXGzqcvqc9sDn0cozFCyNxC2EbDt8P0Nzx82zIvbnGeZmw9Pm3Ur+ftltBcOrE4E2KSmg27mMnZMwm3chJ3MZN6iHRqXHG5V36XkcKvetWWK3bHBrIqgl9dS1HENZczRndFWzJYtWbbLdKUvP25MLqfTwu7PK6/n7WZtWfh04c1P3cOv1OX1HGvgd/gxDo87oWdLzvofNlbiaza6SW+eWRqeWct1cUNwLJREKcXV3U5XUxtY9nLlttw6LmsdorAlYhWhIqb4GZ2PWaIbxcFujGnU0YdvPooZMldiXLvl3WY5ZvQnzTOuzHl3ZvRWW7jqYGbJIgrnWvNpvp9fHAB6OErqbZdIPGwZCYLmwb8HTnr6nL6eNyA5dJSiycWtYUJQJ97i69Zz0ko7RKEkOdtwNU7cXQWSkcOqGQDJCRO5dkbLiLm7lNrWW8PJ3fQc7zebWuvzqVrdkUqajXqWQhLUSsqsL6ejnVVPRz8unPB+jz6tFGnz+iHO6nM3lbsW2zWD83bmUaKPVx09jjdvz9ZVXVcN8TVn2evnp6nK6nTzR5HX5UtW3PtjR5z0nD1nCtkayrRCysBCcJgRFYgkIBpl3T5nUxuPN6XOg1ZtRWIGJgCBiBNEKr4VG7NNNGW+ks24ds1my6aUyxvh0xCxJdOnnPF6r5Dmuu+ZfnW+7DZjW6zmvGuqubLKFNsOmecrYd+BdVYumUZc9tpqJhlwdDn9OerqcvqY3Jp8ujcZFisjrFcbawuxKy5VWWd9DzKOf1eY1l6XM6qyJLh0RKURnKTCnKeualVy9zs5fMc/d9Hy+fLW7K5Q1YqMN5tjWrJxZUQLm3XDbw9GTD1+TrL6vL62bPPpq49OMw9nl2aM+jz+iXL6vL1mO3Jt1NTUvN25ufTn9XK/s8frefd9dsOPTia82n087+ryur28sOX1eZLHZk2Zunjdnj3KjODUYWQszV21bw7qtUUx1KXNDZEzF8bKiaq3qcvqY3Hm9PmRXfRPWYuh2Xyytdksco1PLOW8qlLOLCqvTCypELL9uLbnebLqxXMohrI0yzTm1Z0o3POsdfQdct9OtMl8aDfPjzl7Crlz2oydlJcUSRDBiYzNzenzumL+ryupnU3GXLoMC2UJXLolXZnTLFdl0WegnXZmLmdLDN8/v8D0e85o3R8/RWRx2dB+Y5XXHrePwzo01QN2aiVY64SWQi9BWQFKNqTWmPLthGdePR2ZNvk9VfG7nF6ZXX5PXSddkeHThhL3ebVoz6PP2nzOpzLDdi21olGXDpzs+rN6eenp87pefd6kuOuHqz6PTi7q8rqd/KZdWTNjaOW7j9njWEJQVwlFM9V1O8S059BYBjbAEpBGFsbK+nzOmq5/Sxy5Hpac16YaznJw1luMlbiRMiFkqlLoKAuqSsv24d2OlGHbhuRo3huMpbNePZnUweNjTBjljGcbMmLfh6Y6Uovj0504w7ctN/OJetLlPOuq+dozrQQcsarY6zT0eb0IscHz6WOAaHGVzCu2oztPWaba3Z6Oyi7Mjiu403PpeWo659lyuALsxh0gBQpuIK2qy2+OvForsw2Fleq6eXfizqu6m/WdamcO3MGvRw6e7Dv8AH6Y8Xt8baPW53SSUZVctcaSft8+nTm08Os+b1OYGzHt1NDH5+mDJsyenns6XO6fn3ah89cTRTd6M3dTl9Tv5Fk15c2TgpdvG7PGsjCcFE0mem+neJaM962gY02FCZBCyFV9LmdQMuvLmq2u6XNCyNlObVm3iuUZ6kzRZjWI2IxLXXZQ5xsQI0bMWzG6sG7DYAbwNOWzZh151cJ43JxkMalUZIzYd+Dpz6LjPl0wQnHtxlfRol1K63n159HYZwztxs45r5W86+jyunmzcTl0mQUa7aNFRqtqTPVZm3lldFndq48K0YxbRBayxBJKxa5wE22rXy6cqnTl6Z368W3lvLz92Hph68mybuw78WNUaKNHXnrG/P35ikejj0d2Lb4/Qcjr8nR9Hn9Gx03Vc9caUZe3zatFF/n62c3pc202Y9tzoZLh0wY9uP042dPmdPz6tkp8t8O+m/wBGJ9TldX0+Rc3pczNLs2iXfx+xx0hGUQjJFFN1O8PRnvW4DGpAwAUjOKU9PmdPR5tWXFNOfVm5qb6NSrNpz7zVZXZrOyyuzl0BgozRXG0KKdueyvbi2lWHpURjNMN4pbVOUA0TyOXfbzbM66JiszrQqmV8/fg3jfOuzn0wwnDrxlpz6ZroWwt49RslBsx8L0HA687OlzegTUVy3NQVdHRn1S1U6KDDnty9OdJE6ZvhbnzpRidMibqI2Svtly3z0zpnq6aNHn68vJtxdsbNuLfx6YcPR5/XBsya1vx7cnPebRRp641NS8/Xmpr0cupsx7PH3XL6vL0XQ5+/UsjOvlrhyD2+fbbVZw6W87p81Y7Me3U1SUvPvBi3YvTjX0ub0OGtNldnHfEvpu9GX1eT1/T41zOnzJa76L5ehx+xx0rTQRlEppuo3iV9F5a1LG2AoxgpRKOnzOnqSy68mK9OXXm56L6Kqz6su8VWV2bzstpt5dBpqAgYQZ76bKN2HdYKTxuCsVmTLtx7wprbZjXThnXOW6q5zOyFjcAlU1W62m3j2wwnDrxlqy6prqXU38erG5VJuXH570fnevKW3Ds0lFLnpqKrta6NXPVWfTlrl4teTtxrjJbKE4UNOyTm89aGncbYxly7ZVKPXl19GPb5u3Nxb8HbGvbj08t1c7o8/pg2Y9lX5NeXn0zasunpz1uMuHbnRlH0cupsx7PH2OZ1OZpDbj16mmuyPHXCB+7z7Zxlw66Ob0uaQ24tuprkn5umLFuxenGvo87o8dXW12ctcW2FvbMetyOv6/Gczp83Nqvpvl6PH7XGZoTSkZRKKb6N4lfTeWyTx0YMABxlEo6fM6eszya8uNLVn05uWu+mq8urLrNNlVnTGu2m7n0YOUTUMGKq+qzJuw77CSljZGSM+Ldh3zlvwdFdBM5dIRuZnhsDm09eGpw6utyunPZZTbz3jhKHblLVk2ZvXvr0cO6bnLAlQVeb6nJ7cp6cujWWomNCSs9Js81r59OnzqsdkM7j24kXG6cJRpNOtE4W8u2MZ056ZRny7ZYWQ6cujsyaPL3y4N+DvjZdVbz1Xg6HP6YNmPZZoy6s3Lpk1ZdXXnqafDtzk16OXS24tvj7S5nT5tsNOe/edbjPhrzxKPv8/QY/P1v53S5xVtx7dzXJS83TFi3YfRjXvwbeV1zru564ttdnSQ6/H7Hs8ZzujzpatGfTm9Li9vi3OcalItVRTfRrEr6Ly9qWOgDACHGUaz9PmdLWbM2nPnRqzasaz0aMyV5dWXeaLK7OnPVdVfy6jHKk0EozHTfUYd+HbrMpRsxtKQZsHR5u8S6XN6hscjl1iTkQcnFdd8DFxu5xOvO+2qcuSEo9eT24tcve0Y15++vPycO8dPn1LphoW8ztptzQiZ0IjYyJctI0AEIyU2ozhampWaLK7ePfIpLpjROM+XTNXbV159O/Po8vbPz+hz+2dl1N3Ow53T5vTK2ZNeppzac/Lpi1ZtPXnqafDrz4yh6OXS3YN/k7S5vS50sL6b+mdFtVnDfBjKPu8++cJ8Omjn9Hny07cW3edjT8/TLg6HP7416s2jF3Wwny1x5xl0V9ni9n2eJ83pc6WnRRfm9TjdnjXNEJRUQFWfRn1iWjNpW9qWNgEA0EZRKOlzelvNlF+fOjTl1Y1Tm15Ury68285rK7OmNmijRy6oalRJIpkpSq6pMG7Du3l21XY2iTlzczr8jfOXU5fUOgSfLqnKRCUgrjZEx8H0HA6YssqssyRlHrzLK2l9cDNaFoxAAJKyqzOotOWIKhBcgFgACcZtxlG1NOtFtV3HtkUo9MaZwny6Z6rauuOlozafL1z8/pc3tnbdTbzq5nR53TL2Y9eppz6c/Hpi05tPbnqYcOvPjOv0cunux6/H2nzujzlhfVfvN1lWrlrzkZx9vDdZXZw6aMHQ5+bRuxb+k1MPNvPzujzvRnXry7ebVZCXPXIkpdFHa4va9nhfO6HPmqrqb83p8jr8i5zQklE0U0X0axLRn0Lex42NOAASlGs/S5vS1m3Lqy509WXXjVObVQU5teXWcs4T6c9mnNq59QbzYkgJxmFWiuOTuxbeuHop189xLI5ufkdnjbw+py+pZ0ZEuPZtsRNEI2RMvn+7wOvNzrnrOZNdMACNACaGAAA7K550NOWMZwpAayAIAgBNuMoqmnWi2q3j2zRlHpnTOM+W89N1PTHQ059Hn6087pc3rnZdRfiw5/T5m8mvJss0UX0cumLTm09uesDh1wV2V+jn1NmPZ4+tnN6XOVaM2rUd9OjneBGcfZx3SjLh004N+GKN2Lduahrz7z87o8/wBGdenPr53ZJPneVJPbN2uJ2vb4p87o86Kr6L866fJ63KuckZRUjKJVRfRrMtGbQaWnz2MdJMhJlZulzelvNuXVlzqWvHp5ahRdSV5tWbeccoT6c9uvLs5dU3LNg5NYzJBXbA5GvJr6c7N2LdjoKRi5uJ3+D0xHrcjr3PUkT49iTYFPIs6nJ51XTnZRKPXnbOuedUJreBADToQDE4BOnOuzOk4kohI0GohiCaACbIyjamnWi2m7j1zRlHpNU4T5boovo6Y6OnPo83WrmdPmdZrvovyObv5+8vXk12aKbqeXTDqy6u3PUD8/XBVbV6OfT3YN/k6z53R50qvpn0mphxvGrnH28d0oz4dNWDfgijfh3amuMlw3mwdDn987N2Dbzuxp5vLanph7PG7Pt8VnP6GCKb6L866XM6fMuccZJUmimi+jWXoz3mpqXPZJNUmhJlmbpc3pbzbl15c6NOfTy1DPszFWXXm3nBOFnXnu3Yt/HqnJ51GUnCbAhYjg68unrzu34OjjbLDGs3A9F57eKuxx+nrPdMXN5de1y+TDpzsrS6c2kaNCLJwljVKZvCAAGIaoABoHZCedQGoEFAiwAQAACbIyjamnV91F/HrnhOHSapwny3RRfR0x0NWXV5+tfL6nL6TXfnvyXP6XO3mOzHss0U3UcumLXk19ueoDz9cFV1Po59Hoc/oeXrZzujz82NkNG5K7Nu53zqsh6+W2UZ8N6sG/FLn24t2864yjx3nwdDn9s676ZYvVY8OY0W4uzx+x7vFbz9+CKdOe/OunzOnguOammkpRKs+jPrDvz6F1ThPn0GgEwiphk6PO6PTF+bTnxp6c2vnqFOimWrNqz7zyrIT68uj0MPR49lIea00o24IWqvO6aNHXlZ1OX18dJN14sPOdTi9MVzrfXlYoqASpoKGgAEnKLzutNawAUAAAAANMcoSzUIUTQAWACAAANkZwVNOrr6buPXPXZDpNU4z47z0X0dcdHTl0+frDl9Tl9Jp05tGT5vR52srZj2amim2rl0w68mvtz1NPz9cFN1Xo59Lfg6Hk6mLbilWijRZXrzzzeVVZV6+XRlGXDenFuxS592DfrOlTjx3n5/S53fOq+nRzvQaeXNjJW4uxx+r7vFow7cUU3U2511cWzHrHMUlncVKNlWfTl1k0Z9Ca5Rlz6DGqbcRUlWPoc/odMXU3VZ09WfVy1XXdGWnNuy2cWSffl0+lzepx6oks6GShsY42s8zbF9uV3S4+aa6vMzRuSIbwmimJiEwAAAACUoyza01rIAAFAAAA0DaeagFE0AFgBYAhgTZGUVTTq+6jRx65oThua5Rly3RRfR1xv1ZdXn6w5fU5nSaL6L4lzunzbIbMe3Wbqra+XTBrybOvPTIfn686q2v089/S5vS8nWWHfglL6LqlGSy5dVtXr5dGcJeferJsyLk3Yd+s6U1x3Tzulzu+dd9F3O9CSeXOjON1h6vJ63u8N2Lbiiq2qzOurj159Y5aaztRkirLryawtGfTZrkp8+oxwJipSSYt2Hb0xorshNS1UaOW4xmSwy7cicIa9HHqdXl9bh1I2RmhucJvObKeXzdZnPFs683h24SKRrIBYgFGmRaYAhgAASlGWbWmtZAKAAAAAAYNOVApQAALAFYADAmyMoqmnV2ii/j1z12V7mucJ8t0Z9Gfrjfqy6/P1r5nT5nSX6M98XczqctIbcO7ebq7IcunP2Y9vXGpqXn686q6n0c+h0ef0PL0swdDBmxtrs0tkpYcaq6n18ukM4dNeTXlMe3Ht1NKa47r5vU5fbGxx0Yu6UZZYIzhdc/rcnre7w34tmKKZwnnXUQ9Y4iZnYTRTj24tZjpzarNk4y5dHKM5YtsgSDn7Mmrrz0wm5qV6nx21MlrybstnnlbX349TscrscexG3Jm21cnFvPRwUm8NRjrNmzFtow7sMtY1rICQABpqgATABA0yUoylrTVyAUAACGJg0wacsQJQAAVjQWAA0E24yiqcZWXX0X8u1FdlepqnCfLdOfRn6436surz9Yczp8zpNF1V0W8zpc1IbcO3eb4Thy6YNmPZ1xqkpebrz6b6PTz6W7Du8nTRzulzlhdVbVyaw49d1Pr59MZ596c+nMYt+DfqXqRy3Dl9Xldsa7qXi9ScJ5YYWVW8/q8rq+7xX4tmOKZwszrpSU9Y4Sks7lOLlpw7cWsQ05tOs75OfHrFyaqRKWKsRy9NNvblqnCya0SJ8NkpOWOXbnrzNOnF349vb5x510efUrmaityUQRAyW3FsWWLbilrTVyJqxNAwFTTBNDTQNMlKMpa01cgFAAJoGmDQNpyxAlAATVgBYAABNuMorFp2X30X8u1FVteprafPdWe+jpjoasurz9a+b0+ZuaLqLyzm9HnWQ3YN+s2xnHj052vJr7Y2ThPzdefRpzejHR34Oh5d6Od0efLC6i+rCM8uVm2Y/Vz6pGXDerPfnMe/Bvq8axVyutyeudTHi9OcLMsNN9K8/q8rqe/xX5NeWM9kLM66VtK1jkxks7kglqw7sOsR05tOs9K2uzj2bHKSchNyjkSDtz13UaF0zU+HSTVEmnm4uP0zPOLtyc63UkiGNDExNOpbMeyV49uKWtNayJpEBTAlTTBNDQA0yUoyza01qAKxgAmgaYADacsQJQGJNWAFgAAE04yTUQdXX0X8utFVtepqlGfPdOfRn6Y3bMe3z9Ycvq8rbRdTdJZzujz7Kt2HdvN0ZLj05uzHs7Y1zjPy9cOfTm9GOhvw7vN00YN+GKr6NNKyq7LmZNNHpxvnCfHWjPqzGLoYN1Xgc9Pkdbk9s67KzDqyTzMdVtTfP6fM6Xv8OjNohGV68+db3CescmN0MdKyUjPg6XP1irVk16z1LFbw7qROCRJU245ELae3LZrxyrq5eRg5663JuyayRF1wgEGmMEsgIQAmnUtuPZLLFtxS1xa1loATSMBUDEAAANNJSjKarUoXLE6QA00DTBoGBKgJRgJNWAFgADTmnFqaiBpffRfy60V2VamyUJc91Z9Gfpjdsx7PP1jy+pzNr76NElnO6nNM+/Bu6YuTfDry9mTZ3565ws8vXFm1ZfRjo78G/y9LcmvKZ9ObSK+i849VkPRjdIOOtebRQYd2HfV4HOy43b4nbOqUbsXoSi8slVtLWHo87oe/wAOiDricLI41rlGzeOVDQ89M05PNzczr8rWM+rLr3nsX1aPP3UnKUcpEWY0y5qbe/LZj149TnqKZ0UWVypSWsoAGmNNK2iATEDqezFtllj2Y5aU1rIAIBBpqgABUwAaaSnCedVxlCwB2IAaaAAYmMTlQCjThJqwAsAAAmmmmogWX30X8u1FV1OprlCXPcM2jP0xu2Yt3n6w5nU5el2nPoS/l9DnFW/Bv6YtaOHXm7cW3tjXZXZ5umLLry989Dfg3+bduXRnlz6M+jUV1V+XGjdV6cb4zXDWrPozVi3Yd9Xg+dfG7HI7TTdTbzvScZZmTPoo1cezDt9vi01yjLGwtxdNlcumMddkefWNinLn43c42s4tmPb059y+Gjzd4yeJduTkYd892GMemLN/P6G5qyassvLB3NtdtWaJrUSZYgIkgUaYmmITJ7MeuWzHsxrSnG5YAgLBpyoChNDTAcZJOUZZ1XCcLACwAGmgABpgwlQEo0AmrACwQDAmnGUWk0WX30X8u1NN1OpqlGXPdefRn6Y3bcO/z9Y8vq8rS3Xk1oYN+GqN+HdvFozh15m3Hs7Y12Qn5uuPLqyd8dHoc/o+bbz30S0X0aKV2e6TBRozd8dBSXHemi+izDvwb9L03ix5PW5XSaLKrc3pSjLOcufRnust9cvb4tLU5bFNct3yT6880yWd1k5c9Z+N3+Hqcvfgu7cfT08Krl03YorphqJqNAWdDn7115dNEvJaLm6q2rNAWogLACGAo0xOLE0yWzJqWzLqyy0Jq5ABAWDQoACaGmhikk5RnnVUJwsALAAaaAAGmMCVAKAQJqwAsQAwJpxlFpAWX30Xcu1NV1OpqlGfPdebTm6Y2dDn9Dz9Vy+tyrZ6c+i5eLfiM+3Fs6Y0A+HXm7MezrjXOu3zdcWXXl9GN/S5vS821Roolz30X6QshOTHl15e2enCyHHWijRn1MW/Bvq8DFjy+ryukvtquzei08zNn0Z2s067fd4dOnN1Ja6+nDlrIrYdMVylZy602rHLf554OvOsDtyYnKAAMAAs24ti7M9+eXmJq5urlDNEGogLACGAo0CaYmmT1ZdZPLryzWZNXLAEBYAKmAJoaaCUWlk4SzqFdldgBYAAAAANMYOWIEoACasEyxNAMJpxlFpAVdfRo5daabqdTVKMue4ZtObpjZ0ef0PP1OV1eXbZfRfc24ehz5c23Hs640NS8/Tl7MevtnXdVb5umPJsy98bepzOnw3GjTnzc99GioTrtTHk1Ze2emmctX0XVVg34ehZaNYpyetyekuvpuzei08zPl1ZWs19Vnu8N/V5PWjYrK+TPRXZ0W58fIzrTglX0yVyhrKQWNjlABpoACe3FsXVRfRLzUFzOMoyoasQCAAwFBMTTEwJ6suotzaaJrGmrlgAgsAJQChMBADTSycLM2quyugCwAAAAAlGQNOWI1KAAmrAFYADAmnFppAVdfRfy61U3U6mmcLOe682jP0xt6HP3+fq+X0+bbPRn0XN2Ddglz7cW'... 252219 more characters,
  email: 'shiva3sundar@gmail.com',
  mobileNumber: '7338711301',
  shippingPickupAddress: { sameAsMain: true, address: '' },
  shippingDispatchTime: '3-7',
  shippingPackagingType: 'standard'
}

Γ£à Disconnected from MongoDB
